// Jest Snapshot v1, https://goo.gl/fbAQLP

exports[`Button should render correctly 1`] = `
<div>
  <button
    disabled=""
  >
    <div
      class="mr-2 spinner-border-sm spinner-border text-#f4f4f4"
      role="status"
    >
      <span
        class="sr-only"
      >
        Loading...
      </span>
    </div>
    button title
  </button>
</div>
`;
